// Vitest Snapshot v1

exports[`Toot > should render Toot 1`] = `
"<article data-v-cf45f0fa=\\"\\" class=\\"card mb-3\\">
  <div data-v-cf45f0fa=\\"\\" class=\\"card-body d-flex\\">
    <div data-v-cf45f0fa=\\"\\" style=\\"width: 90px; margin-right: 20px;\\"><a data-v-cf45f0fa=\\"\\" href=\\"https://mstdn.jp/@mikamiyoh\\"><img data-v-cf45f0fa=\\"\\" src=\\"https://media.mstdn.jp/images/accounts/avatars/000/042/621/original/b2b726b42455ea71.JPG\\" alt=\\"avatar\\" style=\\"border-radius: 50%; width: 100%;\\" /></a></div>
    <div data-v-cf45f0fa=\\"\\" style=\\"width: 100%;\\">
      <div data-v-cf45f0fa=\\"\\" class=\\"d-flex toot-header\\"><a data-v-cf45f0fa=\\"\\" href=\\"https://mstdn.jp/@mikamiyoh\\" title=\\"ITジャーナリスト
マストドンは島→ https://news.yahoo.co.jp/byline/mikamiyoh/20170422-00070187/\\">
          <div data-v-cf45f0fa=\\"\\"><span data-v-cf45f0fa=\\"\\" class=\\"name\\">三上洋</span> <span data-v-cf45f0fa=\\"\\" class=\\"acct\\">@mikamiyoh</span></div>
        </a><a data-v-cf45f0fa=\\"\\" href=\\"https://mstdn.jp/@mikamiyoh/6069779\\" class=\\"ml-auto text-right date\\">2017/4/30 19:37:51</a></div>
      <!---->
      <div data-v-cf45f0fa=\\"\\" class=\\"content\\">
        <p>すまんー。通話できひん。これから鳥キャスするの。</p>
      </div>
      <!---->
    </div>
  </div>
</article>"
`;
